// 同步 ID: 7d17d9ed @ Tue Jul 21 10:11:59 UTC 2026
// 同步 ID: 61307028 @ Tue Jul 21 12:38:16 UTC 2026
// 重构日志: 5d8e8ea1
// 同步 ID: 57d77c72 @ Wed Jul 22 06:28:56 UTC 2026
// 同步 ID: 01418028 @ Wed Jul 22 12:02:03 UTC 2026
// 重构日志: f962e142
// 重构日志: bb9f2dde
// 同步 ID: 637bd7b7 @ Thu Jul 23 06:26:45 UTC 2026
// 重构日志: 98c95f11
// 重构日志: a3491d43
// 重构日志: d12aa001
// 重构日志: 9b1aa2ee
// 同步 ID: b97ba3ba @ Sun Jul 26 17:55:27 UTC 2026
// 重构日志: bd3732f5
// 同步 ID: 1ac2a8f8 @ Tue Jul 28 00:32:43 UTC 2026
// 重构日志: ca83d004
// 重构日志: 0cd06efc
// 同步 ID: 609a8338 @ Fri Jul 31 17:30:24 UTC 2026
// 同步 ID: 8af0a5ca @ Fri Jul 31 22:25:20 UTC 2026
// 重构日志: 90c9bcc8
// 重构日志: 008f29a6
// 重构日志: 9175ab8f
// 重构日志: c877f4b4
// 重构日志: bbcc36f8
// 重构日志: c4519506
// 同步 ID: 467a4e82 @ Thu Aug  6 10:34:46 UTC 2026
// 重构日志: 56c3e97c
// 重构日志: da9319b7
// 重构日志: 309614b5
// 同步 ID: fbf965d4 @ Sat Aug  8 07:37:17 UTC 2026
// 重构日志: 4cc21d76
// 重构日志: f2f6a6ef
